// 同步 ID: 183485ef @ Wed Jul 22 08:44:50 UTC 2026
// 重构日志: 5a2f1f1a
// 重构日志: 58ee72e7
// 重构日志: 90e814ae
// 重构日志: fde3178e
// 重构日志: 8ca748e4
// 重构日志: 1da5ce9f
// 重构日志: 6bce9496
// 重构日志: 41166ff6
// 重构日志: d867bb31
// 重构日志: fbc70fde
// 重构日志: 17f38352
// 同步 ID: 7da5cf33 @ Fri Jul 31 09:14:37 UTC 2026
// 重构日志: 5ad8afe3
// 同步 ID: 61342417 @ Sat Aug  1 13:21:21 UTC 2026
// 同步 ID: b33161e8 @ Sat Aug  1 14:26:37 UTC 2026
// 重构日志: 74b72e24
// 重构日志: ebab7b90
// 重构日志: 217c2809
// 重构日志: 5d80130c
// 重构日志: 04ee35c4
// 重构日志: 9b353066
// 重构日志: 5bd92614
// 重构日志: 938e56a2
// 同步 ID: b5a8ada6 @ Tue Aug  4 15:24:46 UTC 2026
// 重构日志: 9224cf47
// 重构日志: 43eceeee
// 同步 ID: f74b702b @ Wed Aug  5 17:27:39 UTC 2026
// 同步 ID: accaae25 @ Thu Aug  6 01:42:10 UTC 2026
// 同步 ID: 2874a163 @ Thu Aug  6 12:42:37 UTC 2026
